// Jest Snapshot v1, https://goo.gl/fbAQLP

exports[`should render not found 1`] = `
<div>
  <p>
    This is from I'm a rolling the beans Home 
  </p>
  <Connect(ExpensesSummary) />
  <Connect(ExpenseListFilters) />
  <Connect(ExpenseList) />
</div>
`;
